[debug] [2026-06-19T13:33:06.542Z] ----------------------------------------------------------------------
[debug] [2026-06-19T13:33:06.544Z] Command:       /usr/local/share/nvm/versions/node/v20.20.2/bin/node /home/codespace/nvm/current/bin/firebase deploy --only functions
[debug] [2026-06-19T13:33:06.544Z] CLI Version:   15.14.0
[debug] [2026-06-19T13:33:06.544Z] Platform:      linux
[debug] [2026-06-19T13:33:06.544Z] Node Version:  v20.20.2
[debug] [2026-06-19T13:33:06.545Z] Time:          Fri Jun 19 2026 13:33:06 GMT+0000 (Coordinated Universal Time)
[debug] [2026-06-19T13:33:06.545Z] ----------------------------------------------------------------------
[debug] 
[debug] [2026-06-19T13:33:07.675Z] > command requires scopes: ["email","openid","https://www.googleapis.com/auth/cloudplatformprojects.readonly","https://www.googleapis.com/auth/firebase","https://www.googleapis.com/auth/cloud-platform"]
[debug] [2026-06-19T13:33:07.675Z] > authorizing via signed-in user (jamielinnell10@gmail.com)
[debug] [2026-06-19T13:33:07.675Z] [iam] checking project school-minibus-booking for permissions ["cloudfunctions.functions.create","cloudfunctions.functions.delete","cloudfunctions.functions.get","cloudfunctions.functions.list","cloudfunctions.functions.update","cloudfunctions.operations.get","firebase.projects.get"]
[debug] [2026-06-19T13:33:07.676Z] Checked if tokens are valid: true, expires at: 1781877488538
[debug] [2026-06-19T13:33:07.677Z] Checked if tokens are valid: true, expires at: 1781877488538
[debug] [2026-06-19T13:33:07.677Z] >>> [apiv2][query] POST https://cloudresourcemanager.googleapis.com/v1/projects/school-minibus-booking:testIamPermissions [none]
[debug] [2026-06-19T13:33:07.677Z] >>> [apiv2][(partial)header] POST https://cloudresourcemanager.googleapis.com/v1/projects/school-minibus-booking:testIamPermissions  x-goog-user-project=school-minibus-booking
[debug] [2026-06-19T13:33:07.678Z] >>> [apiv2][body] POST https://cloudresourcemanager.googleapis.com/v1/projects/school-minibus-booking:testIamPermissions {"permissions":["cloudfunctions.functions.create","cloudfunctions.functions.delete","cloudfunctions.functions.get","cloudfunctions.functions.list","cloudfunctions.functions.update","cloudfunctions.operations.get","firebase.projects.get"]}
[debug] [2026-06-19T13:33:07.866Z] <<< [apiv2][status] POST https://cloudresourcemanager.googleapis.com/v1/projects/school-minibus-booking:testIamPermissions 200
[debug] [2026-06-19T13:33:07.866Z] <<< [apiv2][body] POST https://cloudresourcemanager.googleapis.com/v1/projects/school-minibus-booking:testIamPermissions {"permissions":["cloudfunctions.functions.create","cloudfunctions.functions.delete","cloudfunctions.functions.get","cloudfunctions.functions.list","cloudfunctions.functions.update","cloudfunctions.operations.get","firebase.projects.get"]}
[debug] [2026-06-19T13:33:07.866Z] Checked if tokens are valid: true, expires at: 1781877488538
[debug] [2026-06-19T13:33:07.867Z] Checked if tokens are valid: true, expires at: 1781877488538
[debug] [2026-06-19T13:33:07.867Z] >>> [apiv2][query] POST https://iam.googleapis.com/v1/projects/school-minibus-booking/serviceAccounts/school-minibus-booking@appspot.gserviceaccount.com:testIamPermissions [none]
[debug] [2026-06-19T13:33:07.867Z] >>> [apiv2][body] POST https://iam.googleapis.com/v1/projects/school-minibus-booking/serviceAccounts/school-minibus-booking@appspot.gserviceaccount.com:testIamPermissions {"permissions":["iam.serviceAccounts.actAs"]}
[debug] [2026-06-19T13:33:08.113Z] <<< [apiv2][status] POST https://iam.googleapis.com/v1/projects/school-minibus-booking/serviceAccounts/school-minibus-booking@appspot.gserviceaccount.com:testIamPermissions 200
[debug] [2026-06-19T13:33:08.113Z] <<< [apiv2][body] POST https://iam.googleapis.com/v1/projects/school-minibus-booking/serviceAccounts/school-minibus-booking@appspot.gserviceaccount.com:testIamPermissions {"permissions":["iam.serviceAccounts.actAs"]}
[info] 
[info] === Deploying to 'school-minibus-booking'...
[info] 
[info] i  deploying functions 
[debug] [2026-06-19T13:33:08.117Z] Checked if tokens are valid: true, expires at: 1781877488538
[debug] [2026-06-19T13:33:08.117Z] Checked if tokens are valid: true, expires at: 1781877488538
[debug] [2026-06-19T13:33:08.117Z] >>> [apiv2][query] GET https://cloudresourcemanager.googleapis.com/v1/projects/school-minibus-booking [none]
[debug] [2026-06-19T13:33:08.317Z] <<< [apiv2][status] GET https://cloudresourcemanager.googleapis.com/v1/projects/school-minibus-booking 200
[debug] [2026-06-19T13:33:08.317Z] <<< [apiv2][body] GET https://cloudresourcemanager.googleapis.com/v1/projects/school-minibus-booking {"projectNumber":"676190277264","projectId":"school-minibus-booking","lifecycleState":"ACTIVE","name":"school-minibus-booking","labels":{"firebase":"enabled","firebase-core":"disabled"},"createTime":"2025-08-11T09:34:36.755993Z"}
[info] i  functions: preparing codebase default for deployment 
[info] i  functions: ensuring required API cloudfunctions.googleapis.com is enabled... 
[info] i  functions: ensuring required API cloudbuild.googleapis.com is enabled... 
[info] i  artifactregistry: ensuring required API artifactregistry.googleapis.com is enabled... 
[debug] [2026-06-19T13:33:08.319Z] Checked if tokens are valid: true, expires at: 1781877488538
[debug] [2026-06-19T13:33:08.319Z] Checked if tokens are valid: true, expires at: 1781877488538
[debug] [2026-06-19T13:33:08.319Z] >>> [apiv2][query] GET https://firebase.googleapis.com/v1beta1/projects/school-minibus-booking/adminSdkConfig [none]
[debug] [2026-06-19T13:33:08.598Z] <<< [apiv2][status] GET https://firebase.googleapis.com/v1beta1/projects/school-minibus-booking/adminSdkConfig 200
[debug] [2026-06-19T13:33:08.599Z] <<< [apiv2][body] GET https://firebase.googleapis.com/v1beta1/projects/school-minibus-booking/adminSdkConfig {"projectId":"school-minibus-booking","storageBucket":"school-minibus-booking.firebasestorage.app"}
[debug] [2026-06-19T13:33:08.599Z] Checked if tokens are valid: true, expires at: 1781877488538
[debug] [2026-06-19T13:33:08.599Z] Checked if tokens are valid: true, expires at: 1781877488538
[debug] [2026-06-19T13:33:08.599Z] >>> [apiv2][query] GET https://runtimeconfig.googleapis.com/v1beta1/projects/school-minibus-booking/configs [none]
[debug] [2026-06-19T13:33:08.802Z] <<< [apiv2][status] GET https://runtimeconfig.googleapis.com/v1beta1/projects/school-minibus-booking/configs 200
[debug] [2026-06-19T13:33:08.802Z] <<< [apiv2][body] GET https://runtimeconfig.googleapis.com/v1beta1/projects/school-minibus-booking/configs {}
[debug] [2026-06-19T13:33:08.803Z] Validating nodejs source
[warn] ⚠  functions: package.json indicates an outdated version of firebase-functions. Please upgrade using npm install --save firebase-functions@latest in your functions directory. 
[warn] ⚠  functions: Please note that there will be breaking changes when you upgrade. 
[debug] [2026-06-19T13:33:09.181Z] > [functions] package.json contents: {
  "name": "functions",
  "scripts": {
    "lint": "eslint --ext .js,.ts .",
    "build": "tsc",
    "build:watch": "tsc --watch",
    "serve": "npm run build && firebase emulators:start --only functions",
    "shell": "npm run build && firebase functions:shell",
    "start": "npm run shell",
    "deploy": "firebase deploy --only functions",
    "logs": "firebase functions:log"
  },
  "engines": {
    "node": "22"
  },
  "main": "lib/index.js",
  "dependencies": {
    "firebase": "^12.1.0",
    "firebase-admin": "^12.6.0",
    "firebase-functions": "^6.0.1"
  },
  "devDependencies": {
    "@typescript-eslint/eslint-plugin": "^5.12.0",
    "@typescript-eslint/parser": "^5.12.0",
    "eslint": "^8.9.0",
    "eslint-config-google": "^0.14.0",
    "eslint-plugin-import": "^2.25.4",
    "firebase-functions-test": "^3.1.0",
    "firebase-tools": "^14.12.0",
    "typescript": "^5.7.3"
  },
  "private": true
}
[debug] [2026-06-19T13:33:09.181Z] Building nodejs source
[info] i  functions: Loading and analyzing source code for codebase default to determine what to deploy 
[debug] [2026-06-19T13:33:09.182Z] Could not find functions.yaml. Must use http discovery
[debug] [2026-06-19T13:33:09.185Z] Found firebase-functions binary at '/workspaces/school-minibus/functions/node_modules/.bin/firebase-functions'
[info] Serving at port 8482

[debug] [2026-06-19T13:33:09.577Z] Got response from /__/functions.yaml {"endpoints":{"allAuthUsers":{"availableMemoryMb":null,"timeoutSeconds":null,"minInstances":null,"maxInstances":10,"ingressSettings":null,"concurrency":null,"serviceAccountEmail":null,"vpc":null,"platform":"gcfv2","labels":{},"callableTrigger":{},"entryPoint":"allAuthUsers"},"updateUserRole":{"availableMemoryMb":null,"timeoutSeconds":null,"minInstances":null,"maxInstances":10,"ingressSettings":null,"concurrency":null,"serviceAccountEmail":null,"vpc":null,"platform":"gcfv2","labels":{},"callableTrigger":{},"entryPoint":"updateUserRole"},"syncUser":{"availableMemoryMb":null,"timeoutSeconds":null,"minInstances":null,"maxInstances":10,"ingressSettings":null,"concurrency":null,"serviceAccountEmail":null,"vpc":null,"platform":"gcfv2","labels":{},"callableTrigger":{},"entryPoint":"syncUser"},"createUser":{"availableMemoryMb":null,"timeoutSeconds":null,"minInstances":null,"maxInstances":10,"ingressSettings":null,"concurrency":null,"serviceAccountEmail":null,"vpc":null,"platform":"gcfv2","labels":{},"callableTrigger":{},"entryPoint":"createUser"}},"specVersion":"v1alpha1","requiredAPIs":[],"extensions":{}}
